// Jest Snapshot v1, https://goo.gl/fbAQLP

exports[`basic.ts 1`] = `
Object {
  "errorCount": 5,
  "fileName": "functions/basic.ts",
  "messages": Array [
    "functions/basic.ts:12(14) Type 'null' is not assignable to type 'MyFunc'.",
    "functions/basic.ts:14(14) Type 'undefined' is not assignable to type 'MyFunc'.",
    "functions/basic.ts:16(14) Type 'string' is not assignable to type 'MyFunc'.",
    "functions/basic.ts:18(14) Type 'number' is not assignable to type 'MyFunc'.",
    "functions/basic.ts:20(44) Type '{ bad: string; }' is not assignable to type 'MyFunc'.
  Object literal may only specify known properties, and 'bad' does not exist in type 'MyFunc'.",
  ],
}
`;
