// Jest Snapshot v1, https://goo.gl/fbAQLP

exports[`basic.ts 1`] = `
Object {
  "errorCount": 7,
  "fileName": "objects/basic.ts",
  "messages": Array [
    "objects/basic.ts:8(14) Property 'name' is missing in type '{ age: number; }' but required in type 'Pick<MyObj, \\"name\\" | \\"age\\">'.",
    "objects/basic.ts:10(73) Type '{ age: number; name: string; location: string; }' is not assignable to type 'Pick<MyObj, \\"name\\" | \\"age\\">'.
  Object literal may only specify known properties, and 'location' does not exist in type 'Pick<MyObj, \\"name\\" | \\"age\\">'.",
    "objects/basic.ts:12(14) Type 'null' is not assignable to type 'Pick<MyObj, \\"name\\" | \\"age\\">'.",
    "objects/basic.ts:14(14) Type 'undefined' is not assignable to type 'Pick<MyObj, \\"name\\" | \\"age\\">'.",
    "objects/basic.ts:16(14) Type 'string' is not assignable to type 'Pick<MyObj, \\"name\\" | \\"age\\">'.",
    "objects/basic.ts:18(14) Type 'number' is not assignable to type 'Pick<MyObj, \\"name\\" | \\"age\\">'.",
    "objects/basic.ts:20(42) Type '{ bad: string; }' is not assignable to type 'Pick<MyObj, \\"name\\" | \\"age\\">'.
  Object literal may only specify known properties, and 'bad' does not exist in type 'Pick<MyObj, \\"name\\" | \\"age\\">'.",
  ],
}
`;

exports[`strips-functions.ts 1`] = `
Object {
  "errorCount": 4,
  "fileName": "objects/strips-functions.ts",
  "messages": Array [
    "objects/strips-functions.ts:8(66) Type '{ age: number; name: string; speak: () => undefined; }' is not assignable to type 'Pick<MyObj, \\"name\\" | \\"age\\">'.
  Object literal may only specify known properties, and 'speak' does not exist in type 'Pick<MyObj, \\"name\\" | \\"age\\">'.",
    "objects/strips-functions.ts:10(14) Property 'name' is missing in type '{ age: number; }' but required in type 'Pick<MyObj, \\"name\\" | \\"age\\">'.",
    "objects/strips-functions.ts:12(14) Type 'null' is not assignable to type 'Pick<MyObj, \\"name\\" | \\"age\\">'.",
    "objects/strips-functions.ts:14(14) Type 'undefined' is not assignable to type 'Pick<MyObj, \\"name\\" | \\"age\\">'.",
  ],
}
`;
